  Determining projects to restore...
  All projects are up-to-date for restore.
C:\Program Files\dotnet\sdk\10.0.400-preview.0.26322.102\Sdks\Microsoft.NET.Sdk\targets\Microsoft.NET.RuntimeIdentifierInference.targets(383,5): message NETSDK1057: You are using a preview version of .NET. See: https://aka.ms/dotnet-support-policy [D:\QuanLyBenhVien\QuanLyBenhVien.csproj]
  QuanLyBenhVien -> D:\QuanLyBenhVien\bin\Debug\net10.0\QuanLyBenhVien.dll

Build succeeded.
    0 Warning(s)
    0 Error(s)

Time Elapsed 00:00:06.01
Unhandled exception. System.ObjectDisposedException: Cannot write to a closed TextWriter.
Object name: 'StreamWriter'.
   at System.IO.StreamWriter.<ThrowIfDisposed>g__ThrowObjectDisposedException|80_0()
   at System.IO.StreamWriter.WriteLine(String value)
   at Microsoft.DotNet.Cli.Installer.Windows.TimestampedFileLogger.Dispose(Boolean disposing)
   at Microsoft.DotNet.Cli.Installer.Windows.TimestampedFileLogger.Dispose()
   at Microsoft.DotNet.Cli.Commands.Workload.Install.NetSdkMsiInstallerClient.OnProcessExit(Object sender, EventArgs e)
